<html>
<body>
<pre>
<h1>µVision Build Log</h1>
<h2>Tool Versions:</h2>
IDE-Version: µVision V5.26.2.0
Copyright (C) 2018 ARM Ltd and ARM Germany GmbH. All rights reserved.
License Information: Jakub m, AGH, LIC=----
 
Tool Versions:
Toolchain:       MDK-Lite  Version: 5.26.2.0
Toolchain Path:  C:\Keil_v5\ARM\ARMCC\Bin
C Compiler:      Armcc.exe V5.06 update 6 (build 750)
Assembler:       Armasm.exe V5.06 update 6 (build 750)
Linker/Locator:  ArmLink.exe V5.06 update 6 (build 750)
Library Manager: ArmAr.exe V5.06 update 6 (build 750)
Hex Converter:   FromElf.exe V5.06 update 6 (build 750)
CPU DLL:         SARMCM3.DLL V5.26.2.0
Dialog DLL:      DARMCM1.DLL V1.19.1.0
Target DLL:      CMSIS_AGDI.dll V1.30.6.0
Dialog DLL:      TARMCM1.DLL V1.14.0.0
 
<h2>Project:</h2>
F:\AGH\Semestr 5\SMP2\Projekty\SMP2-PROJECT-\engine.uvprojx
Project File Date:  12/16/2019

<h2>Output:</h2>
*** Using Compiler 'V5.06 update 6 (build 750)', folder: 'C:\Keil_v5\ARM\ARMCC\Bin'
Build target 'CMSIS-DAP'
compiling ADC.c...
adc.h(23): warning:  #1295-D: Deprecated declaration ADCInitialize - give arg types
  void ADCInitialize();
adc.h(25): warning:  #1295-D: Deprecated declaration ADCCalibration - give arg types
  void ADCCalibration();
PWM.h(7): warning:  #1295-D: Deprecated declaration PWMInitialize - give arg types
  void PWMInitialize();
PWM.h(14): warning:  #1295-D: Deprecated declaration TPM0_IRQHandler - give arg types
  void TPM0_IRQHandler();
ADC.c(100): warning:  #111-D: statement is unreachable
  			break;
ADC.c(109): warning:  #111-D: statement is unreachable
  			break;
ADC.c(111): warning:  #940-D: missing return statement at end of non-void function "ADCRead" 
  }
ADC.c(83): warning:  #550-D: variable "V_sensor"  was set but never used
  	float V_sensor = 0;
ADC.c: 8 warnings, 0 errors
compiling main.c...
PWM.h(7): warning:  #1295-D: Deprecated declaration PWMInitialize - give arg types
  void PWMInitialize();
PWM.h(14): warning:  #1295-D: Deprecated declaration TPM0_IRQHandler - give arg types
  void TPM0_IRQHandler();
ADC.h(23): warning:  #1295-D: Deprecated declaration ADCInitialize - give arg types
  void ADCInitialize();
ADC.h(25): warning:  #1295-D: Deprecated declaration ADCCalibration - give arg types
  void ADCCalibration();
main.c(28): warning:  #111-D: statement is unreachable
  	return 0;
main.c(29): warning:  #1-D: last line of file ends without a newline
  }
main.c: 6 warnings, 0 errors
linking...
Program Size: Code=2624 RO-data=272 RW-data=0 ZI-data=352  
".\Objects\engine.axf" - 0 Error(s), 14 Warning(s).

<h2>Software Packages used:</h2>

Package Vendor: ARM
                http://www.keil.com/pack/ARM.CMSIS.4.1.1.pack
                ARM.CMSIS.4.1.1
                CMSIS (Cortex Microcontroller Software Interface Standard)
   * Component: CORE Version: 3.30.0

Package Vendor: Keil
                http://www.keil.com/pack/Keil.Kinetis_KLxx_DFP.1.15.0.pack
                Keil.Kinetis_KLxx_DFP.1.15.0
                NXP Kinetis KLxx Series Device Support and Examples
   * Component: Startup Version: 1.0.0

<h2>Collection of Component include folders:</h2>
  .\RTE\_CMSIS-DAP
  C:\Keil_v5\ARM\PACK\ARM\CMSIS\4.1.1\CMSIS\Include
  C:\Keil_v5\ARM\PACK\Keil\Kinetis_KLxx_DFP\1.15.0\Device\Include

<h2>Collection of Component Files used:</h2>

   * Component: ARM::CMSIS:CORE:3.30.0
      Source file:   CMSIS\UserCodeTemplates\ARM\ITM_Retarget.c

   * Component: Keil::Device:Startup:1.0.0
      Source file:   Device\Source\system_MKL05Z4.c
      Source file:   Device\Source\ARM\startup_MKL05Z4.s
Build Time Elapsed:  00:00:00
</pre>
</body>
</html>
