<html>
<body>
<pre>
<h1>µVision Build Log</h1>
<h2>Tool Versions:</h2>
IDE-Version: µVision V5.26.2.0
Copyright (C) 2018 ARM Ltd and ARM Germany GmbH. All rights reserved.
License Information: Grzegorz Jurek, AGH, LIC=----
 
Tool Versions:
Toolchain:       MDK-Lite  Version: 5.26.2.0
Toolchain Path:  C:\Keil_v5\ARM\ARMCC\Bin
C Compiler:      Armcc.exe V5.06 update 6 (build 750)
Assembler:       Armasm.exe V5.06 update 6 (build 750)
Linker/Locator:  ArmLink.exe V5.06 update 6 (build 750)
Library Manager: ArmAr.exe V5.06 update 6 (build 750)
Hex Converter:   FromElf.exe V5.06 update 6 (build 750)
CPU DLL:         SARMCM3.DLL V5.26.2.0
Dialog DLL:      DARMCM1.DLL V1.19.1.0
Target DLL:      PEMicro\Pemicro_ArmCortexInterface.dll V1.11
Dialog DLL:      TARMCM1.DLL V1.14.0.0
 
<h2>Project:</h2>
C:\Git\SMP2-PROJECT-\engine.uvprojx
Project File Date:  01/26/2020

<h2>Output:</h2>
*** Using Compiler 'V5.06 update 6 (build 750)', folder: 'C:\Keil_v5\ARM\ARMCC\Bin'
Build target 'CMSIS-DAP'
compiling PIT.c...
PIT.h(9): warning:  #1295-D: Deprecated declaration PIT_IRQHandler - give arg types
  void PIT_IRQHandler();
PIT.h(11): warning:  #1295-D: Deprecated declaration PITResetTimer - give arg types
  void PITResetTimer();
PIT.h(12): warning:  #1295-D: Deprecated declaration PITSilentResetTimer - give arg types
  void PITSilentResetTimer();  
PIT.h(14): warning:  #1295-D: Deprecated declaration PitStop - give arg types
  void PitStop();
PIT.h(15): warning:  #1295-D: Deprecated declaration PitStart - give arg types
  void PitStart();
PIT.c: 5 warnings, 0 errors
compiling lvDecoder.c...
engine.h(11): warning:  #1295-D: Deprecated declaration engineInitialize - give arg types
  void engineInitialize();
engine.h(24): warning:  #1295-D: Deprecated declaration engine_IRQHandler - give arg types
  void engine_IRQHandler();
lvDecoder.c(33): warning:  #1-D: last line of file ends without a newline
  		
lvDecoder.c: 3 warnings, 0 errors
linking...
Program Size: Code=2944 RO-data=224 RW-data=24 ZI-data=352  
".\Objects\engine.axf" - 0 Error(s), 8 Warning(s).

<h2>Software Packages used:</h2>

Package Vendor: ARM
                http://www.keil.com/pack/ARM.CMSIS.5.6.0.pack
                ARM.CMSIS.5.6.0
                CMSIS (Cortex Microcontroller Software Interface Standard)
   * Component: CORE Version: 5.3.0

Package Vendor: Keil
                http://www.keil.com/pack/Keil.Kinetis_KLxx_DFP.1.15.0.pack
                Keil.Kinetis_KLxx_DFP.1.15.0
                NXP Kinetis KLxx Series Device Support and Examples
   * Component: Startup Version: 1.0.0

<h2>Collection of Component include folders:</h2>
  .\RTE\_CMSIS-DAP
  C:\Keil_v5\ARM\PACK\ARM\CMSIS\5.6.0\CMSIS\Core\Include
  C:\Keil_v5\ARM\PACK\Keil\Kinetis_KLxx_DFP\1.15.0\Device\Include

<h2>Collection of Component Files used:</h2>

   * Component: ARM::CMSIS:CORE:5.3.0

   * Component: Keil::Device:Startup:1.0.0
      Source file:   Device\Source\system_MKL05Z4.c
      Source file:   Device\Source\ARM\startup_MKL05Z4.s
Build Time Elapsed:  00:00:01
</pre>
</body>
</html>
